// Jest Snapshot v1, https://goo.gl/fbAQLP

exports[`component match snapshot  1`] = `
<Temperature
  feelLike={21}
  temperature={20}
>
  <styles__Wrapper>
    <StyledComponent
      forwardedComponent={
        Object {
          "$$typeof": Symbol(react.forward_ref),
          "attrs": Array [],
          "componentStyle": ComponentStyle {
            "componentId": "styles__Wrapper-qxuzqr-1",
            "isStatic": false,
            "lastClassName": "grKBGo",
            "rules": Array [
              "display:flex;flex-flow:column nowrap;",
            ],
          },
          "displayName": "styles__Wrapper",
          "foldedComponentIds": Array [],
          "render": [Function],
          "styledComponentId": "styles__Wrapper-qxuzqr-1",
          "target": "div",
          "toString": [Function],
          "warnTooManyClasses": [Function],
          "withComponent": [Function],
        }
      }
      forwardedRef={null}
    >
      <div
        className="styles__Wrapper-qxuzqr-1 grKBGo"
      >
        <styles__TemperatureText>
          <StyledComponent
            forwardedComponent={
              Object {
                "$$typeof": Symbol(react.forward_ref),
                "attrs": Array [],
                "componentStyle": ComponentStyle {
                  "componentId": "styles__TemperatureText-qxuzqr-3",
                  "isStatic": false,
                  "lastClassName": "brcPgZ",
                  "rules": Array [
                    "color:",
                    "#fff",
                    ";font-size:16px;",
                    "font-size:80px;margin-bottom:10px;",
                  ],
                },
                "displayName": "styles__TemperatureText",
                "foldedComponentIds": Array [
                  "styles__baseText-qxuzqr-0",
                ],
                "render": [Function],
                "styledComponentId": "styles__TemperatureText-qxuzqr-3",
                "target": "p",
                "toString": [Function],
                "warnTooManyClasses": [Function],
                "withComponent": [Function],
              }
            }
            forwardedRef={null}
          >
            <p
              className="styles__baseText-qxuzqr-0 styles__TemperatureText-qxuzqr-3 brcPgZ"
            >
              20ยบ
            </p>
          </StyledComponent>
        </styles__TemperatureText>
        <styles__WrapperFeel>
          <StyledComponent
            forwardedComponent={
              Object {
                "$$typeof": Symbol(react.forward_ref),
                "attrs": Array [],
                "componentStyle": ComponentStyle {
                  "componentId": "styles__WrapperFeel-qxuzqr-2",
                  "isStatic": false,
                  "lastClassName": "kkidPH",
                  "rules": Array [
                    "display:flex;justify-content:space-between;",
                  ],
                },
                "displayName": "styles__WrapperFeel",
                "foldedComponentIds": Array [],
                "render": [Function],
                "styledComponentId": "styles__WrapperFeel-qxuzqr-2",
                "target": "div",
                "toString": [Function],
                "warnTooManyClasses": [Function],
                "withComponent": [Function],
              }
            }
            forwardedRef={null}
          >
            <div
              className="styles__WrapperFeel-qxuzqr-2 kkidPH"
            >
              <styles__FeelLikeText>
                <StyledComponent
                  forwardedComponent={
                    Object {
                      "$$typeof": Symbol(react.forward_ref),
                      "attrs": Array [],
                      "componentStyle": ComponentStyle {
                        "componentId": "styles__FeelLikeText-qxuzqr-4",
                        "isStatic": false,
                        "lastClassName": "HkUZh",
                        "rules": Array [
                          "color:",
                          "#fff",
                          ";font-size:16px;",
                          "margin-bottom:10px;",
                        ],
                      },
                      "displayName": "styles__FeelLikeText",
                      "foldedComponentIds": Array [
                        "styles__baseText-qxuzqr-0",
                      ],
                      "render": [Function],
                      "styledComponentId": "styles__FeelLikeText-qxuzqr-4",
                      "target": "p",
                      "toString": [Function],
                      "warnTooManyClasses": [Function],
                      "withComponent": [Function],
                    }
                  }
                  forwardedRef={null}
                >
                  <p
                    className="styles__baseText-qxuzqr-0 styles__FeelLikeText-qxuzqr-4 HkUZh"
                  >
                    Feel like
                  </p>
                </StyledComponent>
              </styles__FeelLikeText>
              <styles__FeelLikeText>
                <StyledComponent
                  forwardedComponent={
                    Object {
                      "$$typeof": Symbol(react.forward_ref),
                      "attrs": Array [],
                      "componentStyle": ComponentStyle {
                        "componentId": "styles__FeelLikeText-qxuzqr-4",
                        "isStatic": false,
                        "lastClassName": "HkUZh",
                        "rules": Array [
                          "color:",
                          "#fff",
                          ";font-size:16px;",
                          "margin-bottom:10px;",
                        ],
                      },
                      "displayName": "styles__FeelLikeText",
                      "foldedComponentIds": Array [
                        "styles__baseText-qxuzqr-0",
                      ],
                      "render": [Function],
                      "styledComponentId": "styles__FeelLikeText-qxuzqr-4",
                      "target": "p",
                      "toString": [Function],
                      "warnTooManyClasses": [Function],
                      "withComponent": [Function],
                    }
                  }
                  forwardedRef={null}
                >
                  <p
                    className="styles__baseText-qxuzqr-0 styles__FeelLikeText-qxuzqr-4 HkUZh"
                  >
                    21ยบ
                  </p>
                </StyledComponent>
              </styles__FeelLikeText>
            </div>
          </StyledComponent>
        </styles__WrapperFeel>
      </div>
    </StyledComponent>
  </styles__Wrapper>
</Temperature>
`;
